// Vitest Snapshot v1, https://vitest.dev/guide/snapshot.html

exports[`theme — whole-object snapshot > matches the committed snapshot (any drift must show up in review) 1`] = `
{
  "colors": {
    "category": {
      "actions": {
        "from": "#6FC2B4",
        "to": "#3D8F82",
      },
      "animals": {
        "from": "#8FD3C1",
        "to": "#4FA893",
      },
      "body": {
        "from": "#D8567F",
        "to": "#A83560",
      },
      "colors": {
        "from": "#7C4CD6",
        "to": "#6D3BA6",
      },
      "emotions": {
        "from": "#8B5FC9",
        "to": "#6D3BA6",
      },
      "family": {
        "from": "#FFCDA1",
        "to": "#F0A868",
      },
      "food": {
        "from": "#FF8FA8",
        "to": "#E85E85",
      },
      "home": {
        "from": "#6FA3DE",
        "to": "#3D78B5",
      },
      "mine": {
        "from": "#7C4CD6",
        "to": "#6D3BA6",
      },
      "numbers": {
        "from": "#FFD75A",
        "to": "#E8B93A",
      },
      "outside": {
        "from": "#4FA3D1",
        "to": "#2E6E96",
      },
    },
    "v2": {
      "berry": "#FF8FA8",
      "berryDark": "#E85E85",
      "clay": "#FFCDA1",
      "clayDark": "#F0A868",
      "cream": "#FFF8EA",
      "gold": "#FFD75A",
      "grape": "#7C4CD6",
      "grapeDark": "#6D3BA6",
      "ink": "#3A2A52",
      "inkSoft": "#7B6E8C",
      "leaf": "#8FD3C1",
      "leafDark": "#4FA893",
      "line": "#F1E4CE",
      "mint": "#8FD3C1",
      "paper": "#FFFFFF",
      "peach": "#FFCDA1",
      "pink": "#FFD9E6",
      "pinkDark": "#F2A8C4",
      "purple": "#6D3BA6",
      "purpleBright": "#7C4CD6",
      "sky": "#6FA3DE",
      "skyDark": "#3D78B5",
      "sun": "#FFD75A",
      "sunDark": "#E8B93A",
      "teal": "#6FC2B4",
      "tealDark": "#3D8F82",
      "wood": "#8B5FC9",
      "woodDark": "#6D3BA6",
    },
    "v3": {
      "bg": "#FFF9EF",
      "blue100": "#EEF8FF",
      "blue200": "#CFEAFB",
      "blue500": "#69B7EF",
      "borderSoft": "#F1E7D7",
      "gold100": "#FFF8DC",
      "gold300": "#FFE796",
      "gold500": "#FFD75A",
      "green100": "#EAF8F1",
      "green500": "#79CFAE",
      "mint100": "#EAF8F4",
      "mint200": "#CFEDE5",
      "mint500": "#8FD3C1",
      "peach100": "#FFF1E2",
      "peach300": "#FFCDA1",
      "peach500": "#FFB977",
      "pink100": "#FFF0F5",
      "pink200": "#FFD9E6",
      "pink300": "#FFA8C2",
      "pink500": "#F46B91",
      "purple050": "#F7F2FF",
      "purple100": "#EEE6FF",
      "purple200": "#DED0FA",
      "purple500": "#9366E5",
      "purple600": "#7C4CD6",
      "purple700": "#6D3BA6",
      "purple800": "#542780",
      "purple900": "#44206F",
      "surface": "#FFFFFF",
      "surfaceSoft": "#FFFCF8",
      "textHeading": "#4E2A72",
      "textMuted": "#9B91A7",
      "textPrimary": "#241735",
      "textSecondary": "#746887",
      "track": "#F3EEE6",
    },
  },
  "radii": {
    "btn": 16,
    "card": 18,
    "hero": 24,
  },
  "shadows": {
    "card": {
      "boxShadow": "0px 4px 10px rgba(73,46,25,0.09)",
    },
    "floating": {
      "boxShadow": "0px 6px 16px rgba(73,46,25,0.13)",
    },
    "sm": {
      "boxShadow": "0px 2px 6px rgba(65,39,26,0.06)",
    },
    "topbar": {
      "boxShadow": "0px 3px 12px rgba(109,59,96,0.1)",
    },
  },
  "spacing": {
    "adHeight": 0,
    "barHeight": 68,
    "homeGridGap": [Function],
    "homePaddingInline": [Function],
    "homeSectionGap": 28,
    "tbSideClear": [Function],
  },
  "typography": {
    "fontFamily": {
      "body": {
        "bold": "Assistant_700Bold",
        "extrabold": "Assistant_800ExtraBold",
        "regular": "Assistant_400Regular",
        "semibold": "Assistant_600SemiBold",
      },
      "heading": {
        "black": "Rubik_900Black",
        "bold": "Rubik_700Bold",
        "extrabold": "Rubik_800ExtraBold",
        "medium": "Rubik_500Medium",
      },
    },
  },
}
`;
